Fetching bodies for 210 pages…
[1/210] 5 blocks / 225w  /bondi-blog/2026/3/24/bondis-best-cafs-right-now-where-to-eat-sip-and-soak-up-the-beach-vibe
[2/210] 33 blocks / 582w  /bondi-blog/2026/2/21/the-ultimate-bondi-beach-travel-guide-2026-edition
[3/210] 7 blocks / 284w  /bondi-blog/2025/12/19/the-inside-story-on-the-bondi-lifeguards-who-ran-toward-danger
[4/210] 23 blocks / 362w  /bondi-blog/2025/10/15/sculpture-by-the-seareturns-to-bondi-and-tamarama-what-you-need-to-know-in-2025
[5/210] 12 blocks / 417w  /bondi-blog/2025/10/13/are-there-snakes-in-bondi
[6/210] 47 blocks / 542w  /bondi-blog/2025/8/24/the-tcs-sydney-marathon-a-beginners-guide
[7/210] 43 blocks / 950w  /bondi-blog/2025/8/9/the-best-places-to-carb-load-before-the-sydney-marathon
[8/210] 40 blocks / 1016w  /bondi-blog/2025/8/9/family-fun-in-bondi-during-sydney-marathon-week
[9/210] 19 blocks / 519w  /bondi-blog/2025/8/9/bondi-beach-shakeout-run-the-perfect-pre-marathon-jog
[10/210] 15 blocks / 414w  /bondi-blog/2025/8/9/the-ultimate-bondi-beach-recovery-guide-for-sydney-marathon-runners
[11/210] 23 blocks / 624w  /bondi-blog/2025/7/19/insider-guide-to-sundays-bondi-opening-hours-top-flavours-queue-hacks
[12/210] 36 blocks / 834w  /bondi-blog/2025/6/26/ranked-bondis-top-10-coffee-spots-you-cant-miss
[13/210] 57 blocks / 540w  /bondi-blog/2025/6/23/bondi-to-bronte-swim-the-ultimate-beginners-guide-to-sydneys-most-iconic-ocean-race
[14/210] 32 blocks / 424w  /bondi-blog/2025/6/21/bronte-beach-backpackers-christmas-2025-ultimate-guide-for-the-orphans-christmas-celebration
[15/210] 68 blocks / 806w  /bondi-blog/2025/6/18/how-to-train-for-heartbreak-hill-without-being-a-fitness-freak
[16/210] 53 blocks / 826w  /bondi-blog/2025/6/14/25-essential-hacks-for-starting-a-new-life-in-australia-the-ultimate-aussie-arrival-guide
[17/210] 26 blocks / 938w  /bondi-blog/2025/6/4/tamarama-coogee-clovelly-beach-parking-ultimate-guide-to-free-paid-spots
[18/210] 61 blocks / 1370w  /bondi-blog/2025/6/4/sydney-airport-taxi-scams-how-to-spot-avoid-costly-rip-offs-for-a-hassle-free-arrival
[19/210] 26 blocks / 484w  /bondi-blog/2025/5/25/where-to-watch-english-football-in-bondi-the-best-pubs-and-bars-for-premier-league-fans
[20/210] 41 blocks / 641w  /bondi-blog/2025/5/25/secret-eats-off-menu-items-you-didnt-know-you-could-order-in-bondi-beach
[21/210] 26 blocks / 596w  /bondi-blog/2025/5/25/10-hidden-gems-at-bondi-beach-youll-wish-you-discovered-sooner
[22/210] 23 blocks / 861w  /bondi-blog/2024/1/19/bondis-best-coffee-shops
[23/210] 17 blocks / 784w  /bondi-blog/2025/5/23/rain-or-shine-7-must-do-indoor-activities-in-bondi-beach-on-a-rainy-day
[24/210] 40 blocks / 428w  /bondi-blog/2025/5/6/kids-eat-free-in-sydneys-eastern-suburbs-12-family-friendly-dining-deals
[25/210] 22 blocks / 971w  /bondi-blog/2025/5/6/10-things-you-need-to-know-before-running-the-city2surf
[26/210] 21 blocks / 563w  /bondi-blog/2025/4/30/bondi-icebergs-ocean-pool-faq-20-essential-questions-answered-hours-fees-membership-more
[27/210] 31 blocks / 662w  /bondi-blog/2025/4/30/ultimate-bondi-beach-travel-guide-how-to-get-there-when-to-visit-top-things-to-do
[28/210] 29 blocks / 680w  /bondi-blog/2025/4/29/ultimate-wet-weather-guide-to-bondi-rainy-day-activities-tips
[29/210] 31 blocks / 421w  /bondi-blog/2025/4/29/can-kids-swim-at-bondi-icebergs-family-swimming-guide
[30/210] 12 blocks / 442w  /bondi-blog/2025/4/29/behind-the-scenes-at-bondi-rescue-20-things-you-may-not-know-about-the-show
[31/210] 37 blocks / 776w  /bondi-blog/2025/4/27/top-10-bondi-cafs-in-2025-best-coffee-brunch-by-the-beach
[32/210] 31 blocks / 448w  /bondi-blog/2025/4/27/how-to-score-a-booking-at-tottis-bondi-without-the-stress
[33/210] 29 blocks / 412w  /bondi-blog/2025/4/27/whale-watching-season-at-bondi-2025-everything-you-need-to-know
[34/210] 12 blocks / 980w  /bondi-blog/2025/4/25/10-must-try-bondi-beach-bars-backed-in-2025
[35/210] 22 blocks / 1118w  /bondi-blog/2025/4/25/must-experience-bondi-restaurants-our-top-10-best-restaurants-ranked
[36/210] 26 blocks / 548w  /bondi-blog/2025/4/25/ultimate-bondi-beach-parking-guide-free-and-paid-options-for-busy-days
[37/210] 20 blocks / 498w  /bondi-blog/2025/4/25/9-unique-bondi-beach-experiences-to-try-beyond-the-sand-and-surf
[38/210] 18 blocks / 421w  /bondi-blog/2025/4/23/8-things-to-know-before-visiting-bondi-beach
[39/210] 31 blocks / 525w  /bondi-blog/2025/4/15/your-complete-guide-to-christmas-day-at-bronte-beach-sydney-december-25-2025
[40/210] 4 blocks / 195w  /bondi-blog/2025/4/2/bondi-icebergs-closed-due-to-destructive-waves
[41/210] 8 blocks / 291w  /bondi-blog/2023/4/1/l0k8f8ky8s4yf6dxrl7mo9r4s25vx7
[42/210] 1 blocks / 55w  /bondi-blog/2024/4/1/city2surf-course-map
[43/210] 18 blocks / 578w  /bondi-blog/where-to-go-afterparty-city-to-surf
[44/210] 46 blocks / 1531w  /bondi-blog/ultimate-guide-city-to-surf
[45/210] 9 blocks / 578w  /bondi-blog/2025/3/21/bondi-beach-new-years-eve-festival-returns-council-approves-iconic-celebrations-revival
[46/210] 19 blocks / 547w  /bondi-blog/2025/3/8/best-time-to-visit-bondi-beach-seasonal-guide-to-weather-events
[47/210] 13 blocks / 446w  /bondi-blog/2025/3/8/the-ultimate-bondi-beach-travel-guide-must-see-spots-hidden-gems
[48/210] 41 blocks / 864w  /bondi-blog/2024/12/26/australias-best-christmas-party-at-sydneys-bronte-beach
[49/210] 6 blocks / 302w  /bondi-blog/2025/1/20/does-bondi-beach-ever-close
[50/210] 19 blocks / 494w  /bondi-blog/2025/1/20/locals-guide-to-free-bbq-spots-at-bondi-bronte-tamarama
[51/210] 14 blocks / 671w  /bondi-blog/2025/1/5/the-best-places-to-sit-on-bondi-beach-a-complete-guide
[52/210] 20 blocks / 520w  /bondi-blog/2025/1/5/who-can-swim-at-bondi-icebergs-ocean-pool
[53/210] 42 blocks / 886w  /bondi-blog/2025/1/12/the-20-most-dramatic-moments-on-bondi-rescue
[54/210] 35 blocks / 1155w  /bondi-blog/2025/1/10/the-best-places-to-snorkel-in-and-around-bondi
[55/210] 9 blocks / 238w  /bondi-blog/2025/1/5/understanding-bondi-beach-safety-signs
[56/210] 24 blocks / 849w  /bondi-blog/2025/1/7/top-things-to-do-in-bondi-for-kids-during-school-holidays
[57/210] 5 blocks / 201w  /bondi-blog/2025/1/5/exploring-bondi-beach-a-guide-to-wheelchair-access
[58/210] 51 blocks / 952w  /bondi-blog/2025/1/5/are-there-thieves-or-pickpockets-at-bondi-beach
[59/210] 23 blocks / 480w  /bondi-blog/2025/1/5/surf-lifesaving-patrol-hours-at-bondi-bronte-tamarama
[60/210] 5 blocks / 171w  /bondi-blog/2025/1/5/catch-the-waves-live-bondi-beach-surf-cam
[61/210] 42 blocks / 801w  /bondi-blog/2025/1/4/nielsen-park-your-guide-to-sydneys-beloved-coastal-escape
[62/210] 14 blocks / 308w  /bondi-blog/2025/1/2/how-far-is-bondi-beach-from-key-sydney-locations
[63/210] 17 blocks / 465w  /bondi-blog/2024/3/19/bondis-best-running-routes
[64/210] 113 blocks / 964w  /bondi-blog/2025/1/1/top-50-activities-to-do-in-sydney-a-locals-guide
[65/210] 55 blocks / 797w  /bondi-blog/2025/1/1/locals-guide-to-sydneys-20-best-hidden-beaches
[66/210] 9 blocks / 339w  /bondi-blog/2023/12/13/celebrating-new-years-day-with-a-dutch-twist-at-bondi-beach
[67/210] 2 blocks / 97w  /bondi-blog/2024/12/26/can-you-jump-from-the-cliff-at-bronte-beach
[68/210] 22 blocks / 776w  /bondi-blog/2024/12/13/moving-to-bondi-your-complete-guide-to-life-by-the-beach
[69/210] 100 blocks / 2166w  /bondi-blog/2024/12/13/bondi-beach-travel-guide-50-frequently-asked-questions-for-first-time-visitors
[70/210] 42 blocks / 648w  /bondi-blog/2024/12/1/ranked-20-most-dramatic-bondi-rescue-rescues
[71/210] 26 blocks / 591w  /bondi-blog/2024/12/1/a-festive-guide-best-streets-in-and-around-bondi-to-see-christmas-lights
[72/210] 12 blocks / 629w  /bondi-blog/2023/12/13/christmas-day-at-bondi-beach
[73/210] 13 blocks / 420w  /bondi-blog/2023/12/26/celebrating-christmas-day-at-bronte-beach-australias-biggest-christmas-party
[74/210] 7 blocks / 356w  /bondi-blog/2024/10/17/sydney-beaches-closed-as-mystery-tar-balls-reach-bondi-beach
[75/210] 10 blocks / 390w  /bondi-blog/2024/10/9/best-bondi-beach-tours-for-sydney-visitors
[76/210] 4 blocks / 226w  /bondi-blog/2024/10/1/the-great-bondi-crumbl-cookie-scam
[77/210] 28 blocks / 884w  /bondi-blog/2024/9/21/can-the-public-swim-at-bondi-icebergs-ocean-pool
[78/210] 6 blocks / 404w  /bondi-blog/2023/11/17/tee-off-with-a-view-discover-bondi-golf-diggers-club
[79/210] 38 blocks / 1012w  /bondi-blog/2024/9/23/locals-guide-to-the-best-kids-playgrounds-around-bondi
[80/210] 14 blocks / 483w  /bondi-blog/2024/9/21/locals-guide-to-bondi-beachs-best-ice-cream
[81/210] 5 blocks / 278w  /bondi-blog/2024/9/21/the-bondi-hum-real-or-hoax
[82/210] 17 blocks / 874w  /bondi-blog/2024/9/20/is-bondi-junction-the-same-as-bondi-beach
[83/210] 30 blocks / 975w  /bondi-blog/2024/9/18/guide-to-metal-detecting-at-bondi-beach
[84/210] 8 blocks / 245w  /bondi-blog/2024/9/16/how-to-find-a-housemate-in-bondi-beach
[85/210] 23 blocks / 981w  /bondi-blog/2024/9/12/why-bondi-beach-is-so-famous-history-fame-and-culture
[86/210] 25 blocks / 940w  /bondi-blog/2024/9/8/is-it-safe-to-swim-at-bondi-beach-a-complete-guide
[87/210] 15 blocks / 827w  /bondi-blog/2024/9/7/the-best-vegetarian-and-vegan-restaurants-in-bondi-beach
[88/210] 24 blocks / 567w  /bondi-blog/2024/9/7/getting-to-sydney-marathon-from-bondi-beach
[89/210] 22 blocks / 534w  /bondi-blog/2024/9/7/an-insiders-guide-to-the-sydney-marathon-2024
[90/210] 53 blocks / 893w  /bondi-blog/2024/9/13/25-reasons-why-sydney-is-better-than-melbourne
[91/210] 13 blocks / 409w  /bondi-blog/2023/9/9/soaring-high-at-bondi-beach-festival-of-the-winds
[92/210] 38 blocks / 399w  /bondi-blog/2024/8/28/average-sea-temperatures-at-bondi-beach-month-by-month-guide
[93/210] 27 blocks / 286w  /bondi-blog/city2surf-results
[94/210] 51 blocks / 391w  /bondi-blog/2024/7/25/help-3-week-city2surf-training-plan
[95/210] 48 blocks / 533w  /bondi-blog/2024/6/9/the-best-time-to-visit-bondi-beach-a-seasonal-guide
[96/210] 22 blocks / 616w  /bondi-blog/whale-watching-bondi-guide-2024
[97/210] 4 blocks / 190w  /bondi-blog/2024/4/6/storm-chaos-forced-closures-around-bondi-beach
[98/210] 8 blocks / 507w  /bondi-blog/2024/2/12/an-insiders-guide-to-the-best-ice-cream-in-bondi
[99/210] 7 blocks / 466w  /bondi-blog/2024/2/9/sydneys-mystery-beach-at-mackenzies-bay
[100/210] 12 blocks / 578w  /bondi-blog/2024/1/21/is-bondi-beach-a-safe-area-crime-rate
[101/210] 3 blocks / 213w  /bondi-blog/2024/1/25/can-you-see-dolphins-at-bondi-beach
[102/210] 2 blocks / 222w  /bondi-blog/2024/1/20/is-bondi-beach-water-clean-or-polluted
[103/210] 19 blocks / 612w  /bondi-blog/2024/1/13/a-guide-to-australia-day-at-bondi-beach
[104/210] 17 blocks / 499w  /bondi-blog/everything-to-know-bondi-salties-ocean-swimming
[105/210] 7 blocks / 333w  /bondi-blog/2024/1/7/sydneys-best-playground-in-the-heart-of-bondi
[106/210] 16 blocks / 502w  /bondi-blog/2024/1/1/must-do-bondi-summer-activities-for-first-time-visitors
[107/210] 22 blocks / 198w  /bondi-blog/2023/11/9/2024-bondi-beach-event-calendar
[108/210] 7 blocks / 502w  /bondi-blog/2023/12/28/insiders-guide-to-new-years-day-at-bondi
[109/210] 4 blocks / 187w  /bondi-blog/2023/12/26/gwyneth-paltrows-bondi-recommendations-one-we-cant-agree-with
[110/210] 27 blocks / 922w  /bondi-blog/2023/12/24/insiders-guide-to-new-years-eve-at-bondi-beach
[111/210] 5 blocks / 140w  /bondi-blog/2023/12/20/christmas-2024-bondi-weather-forecast
[112/210] 59 blocks / 1524w  /bondi-blog/2023/12/10/from-the-mundane-to-the-outrageous-ranking-the-most-memorable-headline-grabbing-stories-from-bondi-local-loop
[113/210] 20 blocks / 873w  /bondi-blog/2023/10/18/bondi-beach-etiquette-guide
[114/210] 8 blocks / 348w  /bondi-blog/2023/11/17/a-parents-guide-to-bondi-beach-activities-eats-and-entertainment-for-kids
[115/210] 9 blocks / 297w  /bondi-blog/2023/11/20/an-insiders-guide-to-finding-a-car-park-at-bronte-beach
[116/210] 28 blocks / 510w  /bondi-blog/2023/11/16/hxnovb41qon8zebftsjodt0g8tvhde
[117/210] 4 blocks / 50w  /bondi-blog/how-to-pronounce-bondi-beach
[118/210] 22 blocks / 766w  /bondi-blog/2023/11/16/insiders-guide-to-the-bronte-ocean-pool
[119/210] 7 blocks / 193w  /bondi-blog/2023/11/8/definitive-guide-to-bondis-best-restaurants
[120/210] 7 blocks / 337w  /bondi-blog/2023/11/9/the-440-run-club-at-bronte-beach-sydneys-open-invitation-for-runners
[121/210] 4 blocks / 184w  /bondi-blog/2023/11/7/the-safest-place-to-swim-at-bondi-beach
[122/210] 20 blocks / 559w  /bondi-blog/2023/11/5/things-to-do-at-bondi-beach-in-the-rain
[123/210] 21 blocks / 598w  /bondi-blog/2023/9/28/bondi-beach-and-the-shark-question-unraveling-the-mystery
[124/210] 5 blocks / 178w  /bondi-blog/2023/10/4/finding-free-parking-at-bondi-beach-made-easy
[125/210] 13 blocks / 279w  /bondi-blog/2023/10/1/daylight-saving-time-in-sydney-a-quick-guide-to-octobers-clock-change
[126/210] 22 blocks / 557w  /bondi-blog/2023/9/21/sculptures-by-the-sea-at-bondi-a-comprehensive-guide-to-art-by-the-ocean
[127/210] 15 blocks / 718w  /bondi-blog/2023/9/19/a-guide-to-the-bondi-beach-sunday-drummer
[128/210] 32 blocks / 915w  /bondi-blog/2023/9/21/walking-on-sunshine-the-ultimate-guide-to-the-bondi-to-bronte-coastal-walk
[129/210] 14 blocks / 585w  /bondi-blog/2023/9/22/el-nio-and-its-unexpected-chilly-effect-on-bondis-sea-temperature
[130/210] 13 blocks / 553w  /bondi-blog/2023/9/20/chasing-sunrise-bondi-beachs-perfect-weather-conditions
[131/210] 10 blocks / 383w  /bondi-blog/waverley-cemetery-sydney-australia
[132/210] 7 blocks / 283w  /bondi-blog/2023/9/11/can-you-fly-a-drone-at-bondi-beach-the-dos-and-donts-of-aerial-photography
[133/210] 19 blocks / 432w  /bondi-blog/2023/9/4/bond-market-sunday-guide
[134/210] 41 blocks / 534w  /bondi-blog/2023/9/5/20-obscure-facts-about-bondi-rescue
[135/210] 97 blocks / 1982w  /bondi-blog/what-to-do-bondi-beach-travel-guide
[136/210] 66 blocks / 654w  /bondi-blog/best-backpacker-hostels-bondi-beach
[137/210] 8 blocks / 430w  /bondi-blog/2023/8/29/mackenzies-bay-is-back-the-ultimate-sydney-hidden-gem
[138/210] 21 blocks / 385w  /bondi-blog/2023/8/22/bondis-saturday-farmers-market-your-complete-guide-to-fresh-local-produce-by-the-beach
[139/210] 3 blocks / 157w  /bondi-blog/bondi-muscle-beach
[140/210] 15 blocks / 490w  /bondi-blog/2023/8/10/a-guide-to-sydneys-eastern-suburbs-beaches
[141/210] 25 blocks / 590w  /bondi-blog/bondi-beach-surf-guide
[142/210] 41 blocks / 1176w  /bondi-blog/bondi-rescue-who-are-the-lifeguards
[143/210] 5 blocks / 250w  /bondi-blog/2023/8/8/does-bondi-beach-get-busy
[144/210] 5 blocks / 153w  /bondi-blog/ben-buckler-name-history
[145/210] 6 blocks / 215w  /bondi-blog/2018/10/17/when-is-the-best-time-to-visit-bondi-beach
[146/210] 6 blocks / 268w  /bondi-blog/swimming-between-flags-bondi-beach
[147/210] 12 blocks / 397w  /bondi-blog/10-biggest-events-bondi-beach
[148/210] 21 blocks / 528w  /bondi-blog/the-ultimate-guide-to-bondi-beach-nightlife
[149/210] 9 blocks / 312w  /bondi-blog/is-bondi-good-to-live
[150/210] 33 blocks / 807w  /bondi-blog/bondi-icebergs-brand-takeover-ranked
[151/210] 7 blocks / 384w  /bondi-blog/why-is-bondi-beach-famous
[152/210] 11 blocks / 496w  /bondi-blog/bondi-beach-main-events
[153/210] 8 blocks / 393w  /bondi-blog/bondi-beach-playground-guide
[154/210] 70 blocks / 573w  /bondi-blog/city-to-surf-training-plan
[155/210] 7 blocks / 202w  /bondi-blog/access-bondi-icebergs-pool
[156/210] 17 blocks / 459w  /bondi-blog/bondi-beach-golf-course
[157/210] 12 blocks / 467w  /bondi-blog/whale-watching-bondi-beach
[158/210] 2 blocks / 90w  /bondi-blog/is-bondi-icebergs-pool-heated
[159/210] 25 blocks / 892w  /bondi-blog/2023/4/1/3003c62xnorpgvx461rhjrkhp6p56f
[160/210] 11 blocks / 524w  /bondi-blog/sunrise-sunset-bondi
[161/210] 12 blocks / 484w  /bondi-blog/2023/4/1/sp5ol0037f2etchbkhdvn7rfdlaypz
[162/210] 11 blocks / 551w  /bondi-blog/Sydney’s-best-bookstore-gertude-alice
[163/210] 17 blocks / 466w  /bondi-blog/is-bondi-beach-patrolled-by-lifeguards
[164/210] 14 blocks / 617w  /bondi-blog/best-accommodation-bondi-beach
[165/210] 21 blocks / 359w  /bondi-blog/bondi-or-manly-travel-guide
[166/210] 7 blocks / 266w  /bondi-blog/hidden-gems-bondi-beach
[167/210] 19 blocks / 693w  /bondi-blog/where-to-find-carpark-bondi-beach
[168/210] 16 blocks / 405w  /bondi-blog/bondi-beach-tour-guide
[169/210] 23 blocks / 580w  /bondi-blog/accommodation-options-for-backpackers-in-bondi-beach
[170/210] 6 blocks / 183w  /bondi-blog/are-airbnb-legal-in-sydney-bondi
[171/210] 45 blocks / 1125w  /bondi-blog/bondi-commonly-asked-questions
[172/210] 12 blocks / 343w  /bondi-blog/best-breakfast-bondi-right-now
[173/210] 19 blocks / 471w  /bondi-blog/getting-from-sydney-airport-to-bondi-beach
[174/210] 22 blocks / 653w  /bondi-blog/can-anyone-swim-at-bondi-icebergs-swimming-pool
[175/210] 5 blocks / 204w  /bondi-blog/how-to-get-to-bondi-beach
[176/210] 12 blocks / 211w  /bondi-blog/day-trip-bondi-beach-top-tips
[177/210] 5 blocks / 367w  /bondi-blog/bondi-beach-cheap-food
[178/210] 7 blocks / 396w  /bondi-blog/Bondi-beach-temperature
[179/210] 5 blocks / 158w  /bondi-blog/where-is-bondi-junction
[180/210] 34 blocks / 372w  /bondi-blog/34-best-things-to-do-bondi-beach
[181/210] 10 blocks / 228w  /bondi-blog/safe-swimming-bondi-beach
[182/210] 21 blocks / 1057w  /bondi-blog/Bondi-to-manly-walk-guide
[183/210] 9 blocks / 428w  /bondi-blog/best-kids-activities-bondi-beach
[184/210] 16 blocks / 571w  /bondi-blog/Locals-guide-Bondi-Beach
[185/210] 10 blocks / 221w  /bondi-blog/best-restaurants-bondi-beach
[186/210] 13 blocks / 177w  /bondi-blog/24-hours-in-bondi-beach
[187/210] 3 blocks / 192w  /bondi-blog/meet-bondi-lifeguards
[188/210] 6 blocks / 220w  /bondi-blog/transport-to-bondi-beach
[189/210] 10 blocks / 605w  /bondi-blog/Bondi-beach-history
[190/210] 5 blocks / 238w  /bondi-blog/2017/5/7/bondis-most-famous-residents
[191/210] 7 blocks / 307w  /bondi-blog/why-is-bondi-beach-so-special
[192/210] 4 blocks / 140w  /bondi-blog/best-time-to-visit-bondi-beach
[193/210] 6 blocks / 204w  /bondi-blog/surfing-at-bondi
[194/210] 3 blocks / 144w  /bondi-blog/how-long-is-bondi-icebergs-poo
[195/210] 3 blocks / 164w  /bondi-blog/nearest-train-station-bondi-beach
[196/210] 4 blocks / 118w  /bondi-blog/2018/9/11/how-far-is-bondi-beach-from-sydney
[197/210] 16 blocks / 279w  /bondi-blog/2017/9/10/bsc783vqaltyo7486wej3c50fmnhni
[198/210] 16 blocks / 603w  /bondi-blog/2017/9/10/ocean-swims-at-bondi-beach
[199/210] 9 blocks / 284w  /bondi-blog/why-is-bondi-so-popular
[200/210] 8 blocks / 326w  /bondi-blog/2017/8/28/bondi-icebergs-the-famous-bondi-pool
[201/210] 26 blocks / 1041w  /bondi-blog/2017/6/14/call-on-me-film-clip-bondi-class
[202/210] 3 blocks / 107w  /bondi-blog/bondi-winter-magic
[203/210] 3 blocks / 93w  /bondi-blog/2017/4/28/city2surf-time-to-start-training
[204/210] 23 blocks / 929w  /where-to-swim-at-bondi-beach
[205/210] 7 blocks / 273w  /visit-bondi-beach
[206/210] 10 blocks / 390w  /tours
[207/210] 60 blocks / 519w  /accommodation
[208/210] 0 blocks / 0w  /adstxt
[209/210] 31 blocks / 1238w  /bondi-icebergs
[210/210] 54 blocks / 1346w  /visit-bondi-beach-guide
Done.
